Loading Music Flamingo model (This will take a minute)...
Music Flamingo quantization: NF4 4-bit; placement: audio-priority
Music Flamingo device map: {"lm_head": 0, "model.audio_tower": 0, "model.language_model.embed_tokens": "cpu", "model.language_model.layers": 0, "model.language_model.norm": 0, "model.language_model.rotary_emb": 0, "model.multi_modal_projector": 0, "model.pos_emb": 0}
CUDA after load: allocated=5.65 GiB, reserved=5.80 GiB
Model loaded successfully. Starting server...
Flamingo server serving at port 5005
Running Flamingo structured deep-listening inference...
[Music Flamingo] input tokens=807; generation budget=385

[Music Flamingo] RAW MODEL RESPONSE (max 6000 chars)
{"audibleObservations": [{"text": "A single, sustained, high‑pitched electronic tone with a clean, pure timbre and no overt modulation.", "category": "instrumentation", "confidence": 0.95, "reasoning": "The tone is generated by a digital oscillator with minimal filtering, no distortion, and no added reverb or delay, indicating a clean synth source."}, {"text": "The tone is held for the entire duration of the clip, with no rhythmic or melodic variation.", "category": "performance", "confidence": 0.95, "reasoning": "The waveform is a static sine‑like waveform, indicating a sustained note rather than a rhythmic pattern or melodic line."}, {"text": "The sound is presented in mono with no stereo imaging or panning.", "category": "production", "confidence": 0.95, "reasoning": "The signal is centered, with no spatial effects, suggesting a direct, unprocessed output."}], "genreHypotheses": [{"label": "Ambient", "confidence": 0.95, "reasoning": "The sustained tone is a hallmark of ambient soundscapes, where static textures are used to create atmosphere."}, {"label": "Drone", "confidence": 0.95, "reasoning": "The unchanging pitch and lack of rhythmic or melodic development align with drone music's focus on sustained timbres."}], "contextHypotheses": [{"text": "The tone could be used as a tonal reference or a sound‑design element in a larger ambient composition.", "category": "scene", "confidence": 0.7, "reasoning": "Ambient and drone works often employ such static tones to establish a tonal center or to create a sense of space."}, {"
[Music Flamingo] SANITIZED PACKET SENT TO MUSIC SHOWER (max 6000 chars)
{
  "audibleObservations": [
    {
      "text": "A single sustained high‑pitched electronic tone with a clean",
      "category": "instrumentation",
      "confidence": 0.95,
      "reasoningHints": ""
    },
    {
      "text": "The tone is held for the entire duration of the clip with no",
      "category": "performance",
      "confidence": 0.95,
      "reasoningHints": ""
    },
    {
      "text": "The sound is presented in mono with no stereo imaging or pan",
      "category": "production",
      "confidence": 0.95,
      "reasoningHints": ""
    }
  ],
  "genreHypotheses": [
    {
      "label": "Ambient",
      "confidence": 0.95,
      "reasoningHints": ""
    },
    {
      "label": "Drone",
      "confidence": 0.95,
      "reasoningHints": ""
    }
  ],
  "contextHypotheses": [
    {
      "text": "The tone could be used as a tonal reference or a sound‑desig",
      "category": "scene",
      "confidence": 0.7,
      "reasoningHints": ""
    }
  ],
  "aestheticConcepts": [],
  "impressions": [],
  "uncertainties": []
}
[Music Flamingo] END PACKET

Inference complete in 46.7s. Packet parsed: ['audibleObservations', 'genreHypotheses', 'contextHypotheses', 'aestheticConcepts', 'impressions', 'uncertainties']
Running Flamingo structured deep-listening inference...
[Music Flamingo] input tokens=1502; generation budget=96

[Music Flamingo] RAW MODEL RESPONSE (max 6000 chars)
{'audibleObservations': [{'text': 'A high‑pitched, heavily processed female vocal sample is looped as a melodic hook, repeating a short phrase with a bright, almost synthetic timbre.', 'category': 'vocal sample', 'confidence': 0.95, 'reasoning': 'The sample is clearly a processed voice, not a live performance, and its repetitive melodic contour is the most prominent audible element.'}, {'text': '
[Music Flamingo] SANITIZED PACKET SENT TO MUSIC SHOWER (max 6000 chars)
{
  "audibleObservations": [],
  "genreHypotheses": [],
  "contextHypotheses": [],
  "aestheticConcepts": [],
  "impressions": [
    {
      "text": "The sample is clearly a processed voice not a live",
      "confidence": 0.55
    },
    {
      "text": "text",
      "confidence": 0.55
    }
  ],
  "uncertainties": []
}
[Music Flamingo] END PACKET

Inference complete in 21.1s. Packet parsed: ['audibleObservations', 'genreHypotheses', 'contextHypotheses', 'aestheticConcepts', 'impressions', 'uncertainties']
Running Flamingo structured deep-listening inference...
[Music Flamingo] input tokens=1679; generation budget=96

[Music Flamingo] RAW MODEL RESPONSE (max 6000 chars)
{"audibleObservations":[{"text":"The rhythm is a steady, mid‑tempo electronic beat with a consistent four‑on‑the‑floor kick and crisp hi‑hat pattern, giving a dance‑floor‑ready feel","category":"rhythm","confidence":0.95,"reasoning":"The beat is clearly audible and maintains a uniform pulse throughout the segment."},{"text":"A bright, high‑pitched synth lead carries a simple, repetitive melodic hook
[Music Flamingo] SANITIZED PACKET SENT TO MUSIC SHOWER (max 6000 chars)
{
  "audibleObservations": [
    {
      "text": "The rhythm is a steady mid‑tempo electronic beat with a cons",
      "category": "rhythm",
      "confidence": 0.95,
      "reasoningHints": ""
    }
  ],
  "genreHypotheses": [],
  "contextHypotheses": [],
  "aestheticConcepts": [],
  "impressions": [],
  "uncertainties": []
}
[Music Flamingo] END PACKET

Inference complete in 12.2s. Packet parsed: ['audibleObservations', 'genreHypotheses', 'contextHypotheses', 'aestheticConcepts', 'impressions', 'uncertainties']
Running Flamingo structured deep-listening inference...
[Music Flamingo] input tokens=1715; generation budget=96

[Music Flamingo] RAW MODEL RESPONSE (max 6000 chars)
{"audibleObservations":[{"text":"The rhythm is a steady, mid‑tempo electronic beat with a crisp, quantized kick and snappy hi‑hats, giving a clean, dance‑floor‑ready feel","category":"rhythm","confidence":0.95,"reasoning":"The beat is clearly programmed, with a consistent 4/4 pulse and a tight, compressed low‑end that drives the groove."},{"text":"The harmonic content is built
[Music Flamingo] SANITIZED PACKET SENT TO MUSIC SHOWER (max 6000 chars)
{
  "audibleObservations": [
    {
      "text": "The rhythm is a steady mid‑tempo electronic beat with a cris",
      "category": "rhythm",
      "confidence": 0.95,
      "reasoningHints": ""
    }
  ],
  "genreHypotheses": [],
  "contextHypotheses": [],
  "aestheticConcepts": [],
  "impressions": [],
  "uncertainties": []
}
[Music Flamingo] END PACKET

Inference complete in 11.6s. Packet parsed: ['audibleObservations', 'genreHypotheses', 'contextHypotheses', 'aestheticConcepts', 'impressions', 'uncertainties']
Running Flamingo structured deep-listening inference...
[Music Flamingo] input tokens=1685; generation budget=96

[Music Flamingo] RAW MODEL RESPONSE (max 6000 chars)
{"audibleObservations":[{"text":"A steady, mid‑tempo electronic beat with a crisp, quantized kick and snappy hi‑hats drives the track in a 4/4 groove.","category":"rhythm","confidence":0.9,"reasoning":"The beat is clearly quantized and maintains a consistent pulse throughout the segment."}],"genreHypotheses":[{"label":"Electronic Pop","confidence":0.8,"reasoning":"The track features a
[Music Flamingo] SANITIZED PACKET SENT TO MUSIC SHOWER (max 6000 chars)
{
  "audibleObservations": [
    {
      "text": "A steady mid‑tempo electronic beat with a crisp quantized ki",
      "category": "rhythm",
      "confidence": 0.9,
      "reasoningHints": ""
    }
  ],
  "genreHypotheses": [],
  "contextHypotheses": [],
  "aestheticConcepts": [],
  "impressions": [],
  "uncertainties": []
}
[Music Flamingo] END PACKET

Inference complete in 11.6s. Packet parsed: ['audibleObservations', 'genreHypotheses', 'contextHypotheses', 'aestheticConcepts', 'impressions', 'uncertainties']
Running Flamingo structured deep-listening inference...
[Music Flamingo] input tokens=1685; generation budget=96

[Music Flamingo] RAW MODEL RESPONSE (max 6000 chars)
{"audibleObservations":[{"text":"A steady, mid‑tempo electronic beat with a crisp, quantized kick and snappy hi‑hats drives the track in a 4/4 groove.","category":"rhythm","confidence":0.9,"reasoning":"The beat is clearly quantized, with a consistent kick on every downbeat and a tight snare/clap on the backbeat, typical of electronic dance music."},{"text":"Synth pads and
[Music Flamingo] SANITIZED PACKET SENT TO MUSIC SHOWER (max 6000 chars)
{
  "audibleObservations": [
    {
      "text": "A steady mid‑tempo electronic beat with a crisp quantized ki",
      "category": "rhythm",
      "confidence": 0.9,
      "reasoningHints": ""
    }
  ],
  "genreHypotheses": [],
  "contextHypotheses": [],
  "aestheticConcepts": [],
  "impressions": [],
  "uncertainties": []
}
[Music Flamingo] END PACKET

Inference complete in 11.6s. Packet parsed: ['audibleObservations', 'genreHypotheses', 'contextHypotheses', 'aestheticConcepts', 'impressions', 'uncertainties']
Running Flamingo structured deep-listening inference...
[Music Flamingo] input tokens=1504; generation budget=96

[Music Flamingo] RAW MODEL RESPONSE (max 6000 chars)
{'audibleObservations': [{'text': 'A single female voice is singing in a high register with a clear, slightly breathy timbre and subtle vibrato.', 'category': 'vocal performance', 'confidence': 0.9, 'reasoning': 'The voice is the only audible source; its timbre and vibrato are clearly audible.'}, {'text': 'The rhythm is extremely slow and free, with no discernible beat or time signature.', '
[Music Flamingo] SANITIZED PACKET SENT TO MUSIC SHOWER (max 6000 chars)
{
  "audibleObservations": [],
  "genreHypotheses": [],
  "contextHypotheses": [],
  "aestheticConcepts": [],
  "impressions": [
    {
      "text": "The voice is the only audible source its timbre an",
      "confidence": 0.55
    },
    {
      "text": "text The rhythm is extremely slow and free with no",
      "confidence": 0.55
    }
  ],
  "uncertainties": []
}
[Music Flamingo] END PACKET

Inference complete in 11.9s. Packet parsed: ['audibleObservations', 'genreHypotheses', 'contextHypotheses', 'aestheticConcepts', 'impressions', 'uncertainties']
Running Flamingo structured deep-listening inference...
[Music Flamingo] input tokens=1689; generation budget=96

[Music Flamingo] RAW MODEL RESPONSE (max 6000 chars)
{"audibleObservations":[{"text":"The rhythm is extremely slow and free with no discernible beat","category":"rhythm","confidence":0.95,"reasoning":"The audio contains no regular pulse or drum pattern; the timing is irregular and the tempo is indeterminate."},{"text":"The harmonic content is sparse and ambiguous, with no clear chord progression","category":"harmony","confidence":0.95,"reasoning":"There is no identifiable chordal movement
[Music Flamingo] SANITIZED PACKET SENT TO MUSIC SHOWER (max 6000 chars)
{
  "audibleObservations": [
    {
      "text": "The rhythm is extremely slow and free with no discernible be",
      "category": "rhythm",
      "confidence": 0.95,
      "reasoningHints": ""
    }
  ],
  "genreHypotheses": [],
  "contextHypotheses": [],
  "aestheticConcepts": [],
  "impressions": [],
  "uncertainties": []
}
[Music Flamingo] END PACKET

Inference complete in 12.8s. Packet parsed: ['audibleObservations', 'genreHypotheses', 'contextHypotheses', 'aestheticConcepts', 'impressions', 'uncertainties']
Running Flamingo structured deep-listening inference...
[Music Flamingo] input tokens=1725; generation budget=96

[Music Flamingo] RAW MODEL RESPONSE (max 6000 chars)
{"audibleObservations":[{"text":"The rhythm is extremely slow and free with no discernible beat","category":"rhythm","confidence":0.95,"reasoning":"The tempo is indeterminate, lacking a regular pulse or time‑signature cues."},{"text":"The harmonic content is atonal and dissonant, with no clear chord progression","category":"harmony","confidence":0.95,"reasoning":"There is no tonal center; the sounds
[Music Flamingo] SANITIZED PACKET SENT TO MUSIC SHOWER (max 6000 chars)
{
  "audibleObservations": [
    {
      "text": "The rhythm is extremely slow and free with no discernible be",
      "category": "rhythm",
      "confidence": 0.95,
      "reasoningHints": ""
    }
  ],
  "genreHypotheses": [],
  "contextHypotheses": [],
  "aestheticConcepts": [],
  "impressions": [],
  "uncertainties": []
}
[Music Flamingo] END PACKET

Inference complete in 13.0s. Packet parsed: ['audibleObservations', 'genreHypotheses', 'contextHypotheses', 'aestheticConcepts', 'impressions', 'uncertainties']
Running Flamingo structured deep-listening inference...
[Music Flamingo] input tokens=1685; generation budget=96

[Music Flamingo] RAW MODEL RESPONSE (max 6000 chars)
{"audibleObservations":[{"text":"A steady, mid‑tempo electronic beat with a crisp, quantized kick and snappy hi‑hats drives the track in a 4/4 groove.","category":"rhythm","confidence":0.9,"reasoning":"The beat is clearly quantized and maintains a consistent pulse throughout the segment."},{"text":"A bright, high‑pitched synth lead carries a simple, repetitive melodic motif that loops over the rhythm
[Music Flamingo] SANITIZED PACKET SENT TO MUSIC SHOWER (max 6000 chars)
{
  "audibleObservations": [
    {
      "text": "A steady mid‑tempo electronic beat with a crisp quantized ki",
      "category": "rhythm",
      "confidence": 0.9,
      "reasoningHints": ""
    }
  ],
  "genreHypotheses": [],
  "contextHypotheses": [],
  "aestheticConcepts": [],
  "impressions": [],
  "uncertainties": []
}
[Music Flamingo] END PACKET

Inference complete in 13.5s. Packet parsed: ['audibleObservations', 'genreHypotheses', 'contextHypotheses', 'aestheticConcepts', 'impressions', 'uncertainties']
Running Flamingo structured deep-listening inference...
[Music Flamingo] input tokens=1500; generation budget=96

[Music Flamingo] RAW MODEL RESPONSE (max 6000 chars)
{'audibleObservations': [{'text': 'A bright, high‑pitched synth melody carries the main theme.', 'category': 'instrumentation', 'confidence': 0.95, 'reasoning': 'The synth line is the most prominent melodic element, playing a clear, sparkling lead that repeats throughout the segment.'}, {'text': 'A steady electronic drum pattern with a four‑on‑the‑floor kick and crisp hi‑hats drives the
[Music Flamingo] SANITIZED PACKET SENT TO MUSIC SHOWER (max 6000 chars)
{
  "audibleObservations": [
    {
      "text": "The synth line is the most prominent melodic eleme",
      "category": "production",
      "confidence": 0.65
    },
    {
      "text": "text A steady electronic drum pattern with a four‑",
      "category": "production",
      "confidence": 0.65
    }
  ],
  "genreHypotheses": [],
  "contextHypotheses": [],
  "aestheticConcepts": [],
  "impressions": [],
  "uncertainties": []
}
[Music Flamingo] END PACKET

Inference complete in 11.6s. Packet parsed: ['audibleObservations', 'genreHypotheses', 'contextHypotheses', 'aestheticConcepts', 'impressions', 'uncertainties']
Running Flamingo structured deep-listening inference...
[Music Flamingo] input tokens=1648; generation budget=96

[Music Flamingo] RAW MODEL RESPONSE (max 6000 chars)
{"audibleObservations":[{"text":"A steady, mid‑tempo electronic beat with a crisp, quantized kick and snappy hi‑hats drives the track in a 4/4 groove.","category":"rhythm","confidence":0.9,"reasoning":"The beat is clearly quantized and maintains a consistent pulse throughout the segment, indicating a programmed electronic drum pattern."}],"genreHypotheses":[{"label":"Electronic Pop","confidence":0.8,"
[Music Flamingo] SANITIZED PACKET SENT TO MUSIC SHOWER (max 6000 chars)
{
  "audibleObservations": [
    {
      "text": "A steady mid‑tempo electronic beat with a crisp quantized ki",
      "category": "rhythm",
      "confidence": 0.9,
      "reasoningHints": ""
    }
  ],
  "genreHypotheses": [],
  "contextHypotheses": [],
  "aestheticConcepts": [],
  "impressions": [],
  "uncertainties": []
}
[Music Flamingo] END PACKET

Inference complete in 12.8s. Packet parsed: ['audibleObservations', 'genreHypotheses', 'contextHypotheses', 'aestheticConcepts', 'impressions', 'uncertainties']
Running Flamingo structured deep-listening inference...
[Music Flamingo] input tokens=1504; generation budget=96

[Music Flamingo] RAW MODEL RESPONSE (max 6000 chars)
{'audibleObservations': [{'text': 'The track is built on a steady 4/4 electronic drum groove with a crisp kick and snappy snare, giving it a danceable pulse.', 'category': 'rhythm', 'confidence': 0.9, 'reasoning': 'The drum pattern is consistent and clearly quantized, with a strong backbeat on beats 2 and 4.'}, {'text': 'A deep, sustained synth bass under
[Music Flamingo] SANITIZED PACKET SENT TO MUSIC SHOWER (max 6000 chars)
{
  "audibleObservations": [
    {
      "text": "The drum pattern is consistent and clearly quantiz",
      "category": "production",
      "confidence": 0.65
    },
    {
      "text": "text A deep sustained synth bass under",
      "category": "production",
      "confidence": 0.65
    }
  ],
  "genreHypotheses": [],
  "contextHypotheses": [],
  "aestheticConcepts": [],
  "impressions": [],
  "uncertainties": []
}
[Music Flamingo] END PACKET

Inference complete in 12.5s. Packet parsed: ['audibleObservations', 'genreHypotheses', 'contextHypotheses', 'aestheticConcepts', 'impressions', 'uncertainties']
Running Flamingo structured deep-listening inference...
[Music Flamingo] input tokens=1648; generation budget=96
Inference cancelled: superseded during generation
Running Flamingo structured deep-listening inference...
[Music Flamingo] input tokens=1501; generation budget=96

[Music Flamingo] RAW MODEL RESPONSE (max 6000 chars)
{'audibleObservations': [{'text': 'The track is built around a very slow, almost static rhythm with no discernible drum pattern.', 'category': 'rhythm', 'confidence': 0.9, 'reasoning': 'The audio contains no rhythmic pulse; the only temporal reference is a faint, irregular pulse that does not establish a regular beat.'}, {'text': 'A single, sustained synth pad dominates the soundscape, providing a continuous harmonic drone
[Music Flamingo] SANITIZED PACKET SENT TO MUSIC SHOWER (max 6000 chars)
{
  "audibleObservations": [
    {
      "text": "The audio contains no rhythmic pulse the only temp",
      "category": "production",
      "confidence": 0.65
    },
    {
      "text": "text A single sustained synth pad dominates the so",
      "category": "production",
      "confidence": 0.65
    }
  ],
  "genreHypotheses": [],
  "contextHypotheses": [],
  "aestheticConcepts": [],
  "impressions": [],
  "uncertainties": []
}
[Music Flamingo] END PACKET

Inference complete in 13.6s. Packet parsed: ['audibleObservations', 'genreHypotheses', 'contextHypotheses', 'aestheticConcepts', 'impressions', 'uncertainties']
Running Flamingo structured deep-listening inference...
[Music Flamingo] input tokens=1499; generation budget=96

[Music Flamingo] RAW MODEL RESPONSE (max 6000 chars)
{"audibleObservations": [{"text": "A steady, driving electronic beat with a crisp, punchy kick and tight hi‑hat pattern.", "category": "rhythm", "confidence": 0.9, "reasoning": "The beat is consistent and propulsive, typical of dance‑oriented electronic music."}, {"text": "A deep, resonant synth bass that underpins the groove with a smooth, sub‑focused tone.", "category": "
[Music Flamingo] SANITIZED PACKET SENT TO MUSIC SHOWER (max 6000 chars)
{
  "audibleObservations": [
    {
      "text": "A steady driving electronic beat with a crisp punchy kick an",
      "category": "rhythm",
      "confidence": 0.9,
      "reasoningHints": ""
    }
  ],
  "genreHypotheses": [],
  "contextHypotheses": [],
  "aestheticConcepts": [],
  "impressions": [],
  "uncertainties": []
}
[Music Flamingo] END PACKET

Inference complete in 12.2s. Packet parsed: ['audibleObservations', 'genreHypotheses', 'contextHypotheses', 'aestheticConcepts', 'impressions', 'uncertainties']
Running Flamingo structured deep-listening inference...
[Music Flamingo] input tokens=1648; generation budget=96

[Music Flamingo] RAW MODEL RESPONSE (max 6000 chars)
{"audibleObservations":[{"text":"A fast, steady electronic beat drives the track with a crisp, punchy kick and tight hi‑hat pattern, creating a relentless 4/4 groove that feels both mechanical and hypnotic","category":"rhythm","confidence":0.95,"reasoning":"The beat is clearly audible and consistent, with a strong emphasis on the downbeat and a steady subdivision that suggests a dance‑floor orientation."},{"text":"A high‑
[Music Flamingo] SANITIZED PACKET SENT TO MUSIC SHOWER (max 6000 chars)
{
  "audibleObservations": [
    {
      "text": "A fast steady electronic beat drives the track with a crisp ",
      "category": "rhythm",
      "confidence": 0.95,
      "reasoningHints": ""
    }
  ],
  "genreHypotheses": [],
  "contextHypotheses": [],
  "aestheticConcepts": [],
  "impressions": [],
  "uncertainties": []
}
[Music Flamingo] END PACKET

Inference complete in 13.4s. Packet parsed: ['audibleObservations', 'genreHypotheses', 'contextHypotheses', 'aestheticConcepts', 'impressions', 'uncertainties']
Running Flamingo structured deep-listening inference...
[Music Flamingo] input tokens=1505; generation budget=96

[Music Flamingo] RAW MODEL RESPONSE (max 6000 chars)
{"audibleObservations": [{"text": "A fast, steady electronic beat drives the track.", "category": "rhythm", "confidence": 0.9, "reasoning": "The beat is consistent and prominent, with a clear 4/4 pulse and a tempo that feels around 140 BPM."}, {"text": "Synth pads and arpeggiated synth lines create a layered, atmospheric texture.", "category": "instrumentation",
[Music Flamingo] SANITIZED PACKET SENT TO MUSIC SHOWER (max 6000 chars)
{
  "audibleObservations": [
    {
      "text": "A fast steady electronic beat drives the track.",
      "category": "rhythm",
      "confidence": 0.9,
      "reasoningHints": ""
    }
  ],
  "genreHypotheses": [],
  "contextHypotheses": [],
  "aestheticConcepts": [],
  "impressions": [],
  "uncertainties": []
}
[Music Flamingo] END PACKET

Inference complete in 15.6s. Packet parsed: ['audibleObservations', 'genreHypotheses', 'contextHypotheses', 'aestheticConcepts', 'impressions', 'uncertainties']
Running Flamingo structured deep-listening inference...
[Music Flamingo] input tokens=1507; generation budget=96

[Music Flamingo] RAW MODEL RESPONSE (max 6000 chars)
{"audibleObservations": [{"text": "A bright, high‑pitched synth lead carries a simple, repetitive melody.", "category": "instrumentation", "confidence": 0.9, "reasoning": "The synth lead is the most prominent melodic element, playing a clear, singable motif that repeats every 4–8 bars."}, {"text": "The rhythm is driven by a steady four‑on‑the‑floor kick drum with a
[Music Flamingo] SANITIZED PACKET SENT TO MUSIC SHOWER (max 6000 chars)
{
  "audibleObservations": [
    {
      "text": "A bright high‑pitched synth lead carries a simple repetitive",
      "category": "instrumentation",
      "confidence": 0.9,
      "reasoningHints": ""
    }
  ],
  "genreHypotheses": [],
  "contextHypotheses": [],
  "aestheticConcepts": [],
  "impressions": [],
  "uncertainties": []
}
[Music Flamingo] END PACKET

Inference complete in 12.5s. Packet parsed: ['audibleObservations', 'genreHypotheses', 'contextHypotheses', 'aestheticConcepts', 'impressions', 'uncertainties']
Running Flamingo structured deep-listening inference...
[Music Flamingo] input tokens=1648; generation budget=96

[Music Flamingo] RAW MODEL RESPONSE (max 6000 chars)
{"audibleObservations":[{"text":"A steady, driving electronic beat with a crisp, punchy kick and tight hi‑hat pattern that locks into a 4/4 groove at a moderate tempo of roughly 128 BPM, creating a dance‑floor‑ready pulse","category":"rhythm","confidence":0.95,"reasoning":"The beat is clearly audible and consistent, with a strong emphasis on the downbeat and a regular subdivision that
[Music Flamingo] SANITIZED PACKET SENT TO MUSIC SHOWER (max 6000 chars)
{
  "audibleObservations": [
    {
      "text": "text",
      "category": "production",
      "confidence": 0.65
    },
    {
      "text": "category",
      "category": "production",
      "confidence": 0.65
    },
    {
      "text": "rhythm",
      "category": "production",
      "confidence": 0.65
    }
  ],
  "genreHypotheses": [],
  "contextHypotheses": [],
  "aestheticConcepts": [],
  "impressions": [],
  "uncertainties": []
}
[Music Flamingo] END PACKET

Inference complete in 12.5s. Packet parsed: ['audibleObservations', 'genreHypotheses', 'contextHypotheses', 'aestheticConcepts', 'impressions', 'uncertainties']
Running Flamingo structured deep-listening inference...
[Music Flamingo] input tokens=1684; generation budget=96

[Music Flamingo] RAW MODEL RESPONSE (max 6000 chars)
{"audibleObservations":[{"text":"The track is built on a steady 4/4 electronic beat with a moderate tempo of 130.43 BPM, featuring a prominent, driving bassline that anchors the rhythm and provides a strong low‑end foundation.","category":"rhythm","confidence":0.95,"reasoning":"The beat is consistent and dance‑floor oriented, typical of electronic music with a strong bass presence."},{"text":"
[Music Flamingo] SANITIZED PACKET SENT TO MUSIC SHOWER (max 6000 chars)
{
  "audibleObservations": [
    {
      "text": "The track is built on a steady 4/4 electronic beat with a mo",
      "category": "rhythm",
      "confidence": 0.95,
      "reasoningHints": ""
    }
  ],
  "genreHypotheses": [],
  "contextHypotheses": [],
  "aestheticConcepts": [],
  "impressions": [],
  "uncertainties": []
}
[Music Flamingo] END PACKET

Inference complete in 12.5s. Packet parsed: ['audibleObservations', 'genreHypotheses', 'contextHypotheses', 'aestheticConcepts', 'impressions', 'uncertainties']
Running Flamingo structured deep-listening inference...
[Music Flamingo] input tokens=1685; generation budget=96

[Music Flamingo] RAW MODEL RESPONSE (max 6000 chars)
{"audibleObservations":[{"text":"The track is built on a steady 4/4 electronic beat with a moderate tempo of 130.43 BPM, featuring a prominent, driving bassline that anchors the rhythm and provides a strong low‑end foundation.","category":"rhythm","confidence":0.95,"reasoning":"The beat is consistent and dance‑floor oriented, typical of electronic music with a strong emphasis on groove."},{"text
[Music Flamingo] SANITIZED PACKET SENT TO MUSIC SHOWER (max 6000 chars)
{
  "audibleObservations": [
    {
      "text": "The track is built on a steady 4/4 electronic beat with a mo",
      "category": "rhythm",
      "confidence": 0.95,
      "reasoningHints": ""
    }
  ],
  "genreHypotheses": [],
  "contextHypotheses": [],
  "aestheticConcepts": [],
  "impressions": [],
  "uncertainties": []
}
[Music Flamingo] END PACKET

Inference complete in 13.0s. Packet parsed: ['audibleObservations', 'genreHypotheses', 'contextHypotheses', 'aestheticConcepts', 'impressions', 'uncertainties']
Running Flamingo structured deep-listening inference...
[Music Flamingo] input tokens=1685; generation budget=96

[Music Flamingo] RAW MODEL RESPONSE (max 6000 chars)
{"audibleObservations":[{"text":"A steady, driving electronic beat with a crisp, punchy kick and tight hi‑hat pattern that locks into a 4/4 groove at a moderate tempo around 125 BPM, creating a dance‑floor‑ready pulse","category":"rhythm","confidence":0.9,"reasoning":"The beat is clearly audible and consistent, with a strong emphasis on the downbeat and a regular subdivision that defines a
[Music Flamingo] SANITIZED PACKET SENT TO MUSIC SHOWER (max 6000 chars)
{
  "audibleObservations": [
    {
      "text": "text",
      "category": "production",
      "confidence": 0.65
    },
    {
      "text": "category",
      "category": "production",
      "confidence": 0.65
    },
    {
      "text": "rhythm",
      "category": "production",
      "confidence": 0.65
    }
  ],
  "genreHypotheses": [],
  "contextHypotheses": [],
  "aestheticConcepts": [],
  "impressions": [],
  "uncertainties": []
}
[Music Flamingo] END PACKET

Inference complete in 12.7s. Packet parsed: ['audibleObservations', 'genreHypotheses', 'contextHypotheses', 'aestheticConcepts', 'impressions', 'uncertainties']
Running Flamingo structured deep-listening inference...
[Music Flamingo] input tokens=1685; generation budget=96

[Music Flamingo] RAW MODEL RESPONSE (max 6000 chars)
{"audibleObservations":[{"text":"A steady, mid‑tempo electronic beat with a crisp, quantized kick and snappy hi‑hats drives the track in a 4/4 groove.","category":"rhythm","confidence":0.9,"reasoning":"The beat is clearly quantized and maintains a consistent pulse throughout the segment, indicating a programmed drum machine or drum‑sample loop."},{"text":"Layered synth pads and arpeggiated melodic
[Music Flamingo] SANITIZED PACKET SENT TO MUSIC SHOWER (max 6000 chars)
{
  "audibleObservations": [
    {
      "text": "A steady mid‑tempo electronic beat with a crisp quantized ki",
      "category": "rhythm",
      "confidence": 0.9,
      "reasoningHints": ""
    }
  ],
  "genreHypotheses": [],
  "contextHypotheses": [],
  "aestheticConcepts": [],
  "impressions": [],
  "uncertainties": []
}
[Music Flamingo] END PACKET

Inference complete in 12.4s. Packet parsed: ['audibleObservations', 'genreHypotheses', 'contextHypotheses', 'aestheticConcepts', 'impressions', 'uncertainties']
Running Flamingo structured deep-listening inference...
[Music Flamingo] input tokens=1496; generation budget=96

[Music Flamingo] RAW MODEL RESPONSE (max 6000 chars)
{"audibleObservations": [{"text": "A steady, danceable electronic beat with a crisp kick and snappy snare drives the track.", "category": "rhythm", "confidence": 0.9, "reasoning": "The beat is consistent and clearly audible, with a clear 4/4 pulse and a tempo around 120 BPM."}, {"text": "Synth pads and arpeggiated synth lines create a lush, atmospheric
[Music Flamingo] SANITIZED PACKET SENT TO MUSIC SHOWER (max 6000 chars)
{
  "audibleObservations": [
    {
      "text": "A steady danceable electronic beat with a crisp kick and sna",
      "category": "rhythm",
      "confidence": 0.9,
      "reasoningHints": ""
    }
  ],
  "genreHypotheses": [],
  "contextHypotheses": [],
  "aestheticConcepts": [],
  "impressions": [],
  "uncertainties": []
}
[Music Flamingo] END PACKET

Inference complete in 12.1s. Packet parsed: ['audibleObservations', 'genreHypotheses', 'contextHypotheses', 'aestheticConcepts', 'impressions', 'uncertainties']
Running Flamingo structured deep-listening inference...
[Music Flamingo] input tokens=1648; generation budget=96

[Music Flamingo] RAW MODEL RESPONSE (max 6000 chars)
{"audibleObservations":[{"text":"A steady, danceable electronic beat with a crisp, punchy kick and tight hi‑hat pattern that drives the track forward at a moderate tempo of around 120 BPM, creating a consistent groove that feels both relaxed and propulsive","category":"groove","confidence":0.95,"reasoning":"The beat is clearly audible and maintains a steady pulse throughout, with a consistent four‑on‑the‑
[Music Flamingo] SANITIZED PACKET SENT TO MUSIC SHOWER (max 6000 chars)
{
  "audibleObservations": [
    {
      "text": "text",
      "category": "production",
      "confidence": 0.65
    },
    {
      "text": "category",
      "category": "production",
      "confidence": 0.65
    },
    {
      "text": "groove",
      "category": "production",
      "confidence": 0.65
    }
  ],
  "genreHypotheses": [],
  "contextHypotheses": [],
  "aestheticConcepts": [],
  "impressions": [],
  "uncertainties": []
}
[Music Flamingo] END PACKET

Inference complete in 12.3s. Packet parsed: ['audibleObservations', 'genreHypotheses', 'contextHypotheses', 'aestheticConcepts', 'impressions', 'uncertainties']
Running Flamingo structured deep-listening inference...
[Music Flamingo] input tokens=1684; generation budget=96

[Music Flamingo] RAW MODEL RESPONSE (max 6000 chars)
{"audibleObservations":[{"text":"A steady, danceable 4/4 beat with a crisp, electronic kick and snappy hi‑hats drives the track forward.","category":"rhythm","confidence":0.9,"reasoning":"The beat is consistent and clearly quantized, typical of electronic dance music."},{"text":"A bright, melodic synth line carries the main hook, repeating a catchy motif throughout the segment.","category":"instrumentation","confidence":0
[Music Flamingo] SANITIZED PACKET SENT TO MUSIC SHOWER (max 6000 chars)
{
  "audibleObservations": [
    {
      "text": "A steady danceable 4/4 beat with a crisp electronic kick and",
      "category": "rhythm",
      "confidence": 0.9,
      "reasoningHints": ""
    }
  ],
  "genreHypotheses": [],
  "contextHypotheses": [],
  "aestheticConcepts": [],
  "impressions": [],
  "uncertainties": []
}
[Music Flamingo] END PACKET

Inference complete in 12.4s. Packet parsed: ['audibleObservations', 'genreHypotheses', 'contextHypotheses', 'aestheticConcepts', 'impressions', 'uncertainties']
Running Flamingo structured deep-listening inference...
[Music Flamingo] input tokens=1685; generation budget=96

[Music Flamingo] RAW MODEL RESPONSE (max 6000 chars)
{"audibleObservations":[{"text":"A steady, danceable 4/4 beat with a crisp, punchy kick and tight snare that drives the track forward.","category":"rhythm","confidence":0.9,"reasoning":"The beat is clearly audible and consistent, with a strong emphasis on the downbeat and a clear backbeat on the snare, typical of dance music."},{"text":"Bright, high‑pitched synth leads and arpeggiated
[Music Flamingo] SANITIZED PACKET SENT TO MUSIC SHOWER (max 6000 chars)
{
  "audibleObservations": [
    {
      "text": "A steady danceable 4/4 beat with a crisp punchy kick and tig",
      "category": "rhythm",
      "confidence": 0.9,
      "reasoningHints": ""
    }
  ],
  "genreHypotheses": [],
  "contextHypotheses": [],
  "aestheticConcepts": [],
  "impressions": [],
  "uncertainties": []
}
[Music Flamingo] END PACKET

Inference complete in 12.6s. Packet parsed: ['audibleObservations', 'genreHypotheses', 'contextHypotheses', 'aestheticConcepts', 'impressions', 'uncertainties']
Running Flamingo structured deep-listening inference...
Inference cancelled: superseded during preprocessing
Running Flamingo structured deep-listening inference...
[Music Flamingo] input tokens=1505; generation budget=96

[Music Flamingo] RAW MODEL RESPONSE (max 6000 chars)
{"audibleObservations": [{"text": "A steady, mid‑tempo electronic beat with a crisp, quantized kick and snappy hi‑hats drives the track.", "category": "rhythm", "confidence": 0.9, "reasoning": "The beat is clearly quantized and maintains a consistent pulse throughout the 30‑second segment."}, {"text": "A deep, resonant synth bass underpins the rhythm, providing a
[Music Flamingo] SANITIZED PACKET SENT TO MUSIC SHOWER (max 6000 chars)
{
  "audibleObservations": [
    {
      "text": "A steady mid‑tempo electronic beat with a crisp quantized ki",
      "category": "rhythm",
      "confidence": 0.9,
      "reasoningHints": ""
    }
  ],
  "genreHypotheses": [],
  "contextHypotheses": [],
  "aestheticConcepts": [],
  "impressions": [],
  "uncertainties": []
}
[Music Flamingo] END PACKET

Inference complete in 16.9s. Packet parsed: ['audibleObservations', 'genreHypotheses', 'contextHypotheses', 'aestheticConcepts', 'impressions', 'uncertainties']
Running Flamingo structured deep-listening inference...
[Music Flamingo] input tokens=1648; generation budget=96

[Music Flamingo] RAW MODEL RESPONSE (max 6000 chars)
{"audibleObservations":[{"text":"A steady, danceable electronic beat with a crisp, punchy kick and tight hi‑hat pattern that drives the track forward at a moderate tempo.","category":"rhythm","confidence":0.9,"reasoning":"The beat is clearly audible and consistent, with a clear 4/4 pulse and a tempo that feels around 120 BPM, typical of dance‑oriented electronic music."},{"text":"Synth
[Music Flamingo] SANITIZED PACKET SENT TO MUSIC SHOWER (max 6000 chars)
{
  "audibleObservations": [
    {
      "text": "A steady danceable electronic beat with a crisp punchy kick ",
      "category": "rhythm",
      "confidence": 0.9,
      "reasoningHints": ""
    }
  ],
  "genreHypotheses": [],
  "contextHypotheses": [],
  "aestheticConcepts": [],
  "impressions": [],
  "uncertainties": []
}
[Music Flamingo] END PACKET

Inference complete in 11.5s. Packet parsed: ['audibleObservations', 'genreHypotheses', 'contextHypotheses', 'aestheticConcepts', 'impressions', 'uncertainties']
Running Flamingo structured deep-listening inference...
[Music Flamingo] input tokens=1684; generation budget=96

[Music Flamingo] RAW MODEL RESPONSE (max 6000 chars)
{"audibleObservations":[{"text":"A steady, danceable electronic beat with a crisp, punchy kick and tight hi‑hat pattern that drives the track forward at a moderate tempo of around 120 BPM, creating a consistent 4/4 groove that feels both relaxed and propulsive","category":"rhythm","confidence":0.95,"reasoning":"The beat is clearly audible and maintains a steady pulse throughout, with a consistent kick‑
[Music Flamingo] SANITIZED PACKET SENT TO MUSIC SHOWER (max 6000 chars)
{
  "audibleObservations": [
    {
      "text": "text",
      "category": "production",
      "confidence": 0.65
    },
    {
      "text": "category",
      "category": "production",
      "confidence": 0.65
    },
    {
      "text": "rhythm",
      "category": "production",
      "confidence": 0.65
    }
  ],
  "genreHypotheses": [],
  "contextHypotheses": [],
  "aestheticConcepts": [],
  "impressions": [],
  "uncertainties": []
}
[Music Flamingo] END PACKET

Inference complete in 11.4s. Packet parsed: ['audibleObservations', 'genreHypotheses', 'contextHypotheses', 'aestheticConcepts', 'impressions', 'uncertainties']
Running Flamingo structured deep-listening inference...
[Music Flamingo] input tokens=1497; generation budget=96
Inference cancelled: superseded during generation
Running Flamingo structured deep-listening inference...
[Music Flamingo] input tokens=1507; generation budget=96

[Music Flamingo] RAW MODEL RESPONSE (max 6000 chars)
{"audibleObservations": [{"text": "steady 4/4 electronic drum pattern", "category": "rhythm", "confidence": 0.9, "reasoning": "the drum loop is consistent and drives the tempo without syncopation or irregular accents."}, {"text": "bright, high‑pitched synth lead playing a repeating melodic motif", "category": "instrumentation", "confidence": 0.8, "reasoning": "
[Music Flamingo] SANITIZED PACKET SENT TO MUSIC SHOWER (max 6000 chars)
{
  "audibleObservations": [
    {
      "text": "steady 4/4 electronic drum pattern",
      "category": "rhythm",
      "confidence": 0.9,
      "reasoningHints": ""
    }
  ],
  "genreHypotheses": [],
  "contextHypotheses": [],
  "aestheticConcepts": [],
  "impressions": [],
  "uncertainties": []
}
[Music Flamingo] END PACKET

Inference complete in 12.2s. Packet parsed: ['audibleObservations', 'genreHypotheses', 'contextHypotheses', 'aestheticConcepts', 'impressions', 'uncertainties']
Running Flamingo structured deep-listening inference...
[Music Flamingo] input tokens=1648; generation budget=96

[Music Flamingo] RAW MODEL RESPONSE (max 6000 chars)
{"audibleObservations":[{"text":"A steady, danceable 4/4 groove with a prominent kick drum and crisp hi-hats, creating a consistent rhythmic foundation","category":"rhythm","confidence":0.9,"reasoning":"The kick drum hits on every downbeat and the hi-hats maintain a tight 16th-note pattern, giving the track a clear 4/4 pulse."},{"text":"A bright, melodic synth line that carries
[Music Flamingo] SANITIZED PACKET SENT TO MUSIC SHOWER (max 6000 chars)
{
  "audibleObservations": [
    {
      "text": "A steady danceable 4/4 groove with a prominent kick drum and",
      "category": "rhythm",
      "confidence": 0.9,
      "reasoningHints": ""
    }
  ],
  "genreHypotheses": [],
  "contextHypotheses": [],
  "aestheticConcepts": [],
  "impressions": [],
  "uncertainties": []
}
[Music Flamingo] END PACKET

Inference complete in 11.5s. Packet parsed: ['audibleObservations', 'genreHypotheses', 'contextHypotheses', 'aestheticConcepts', 'impressions', 'uncertainties']
Running Flamingo structured deep-listening inference...
[Music Flamingo] input tokens=1684; generation budget=96

[Music Flamingo] RAW MODEL RESPONSE (max 6000 chars)
{"audibleObservations":[{"text":"A steady, danceable 4/4 groove with a prominent kick drum and crisp hi-hats that lock into a tight, syncopated rhythm, creating a driving, club‑ready feel","category":"rhythm","confidence":0.95,"reasoning":"The kick and hi‑hat pattern is clearly audible and consistent, establishing a solid 4/4 pulse that underpins the whole track."},{"text":"A deep
[Music Flamingo] SANITIZED PACKET SENT TO MUSIC SHOWER (max 6000 chars)
{
  "audibleObservations": [
    {
      "text": "A steady danceable 4/4 groove with a prominent kick drum and",
      "category": "rhythm",
      "confidence": 0.95,
      "reasoningHints": ""
    }
  ],
  "genreHypotheses": [],
  "contextHypotheses": [],
  "aestheticConcepts": [],
  "impressions": [],
  "uncertainties": []
}
[Music Flamingo] END PACKET

Inference complete in 12.0s. Packet parsed: ['audibleObservations', 'genreHypotheses', 'contextHypotheses', 'aestheticConcepts', 'impressions', 'uncertainties']
Running Flamingo structured deep-listening inference...
[Music Flamingo] input tokens=1685; generation budget=96

[Music Flamingo] RAW MODEL RESPONSE (max 6000 chars)
{"audibleObservations":[{"text":"A steady, danceable electronic beat with a crisp, punchy kick and tight hi‑hat pattern that drives the track forward at a moderate tempo.","category":"rhythm","confidence":0.9,"reasoning":"The beat is consistent and clearly audible, with a clear 4/4 pulse and a strong emphasis on the downbeat, typical of electronic dance music."},{"text":"A prominent, melodic synth bassline that follows
[Music Flamingo] SANITIZED PACKET SENT TO MUSIC SHOWER (max 6000 chars)
{
  "audibleObservations": [
    {
      "text": "A steady danceable electronic beat with a crisp punchy kick ",
      "category": "rhythm",
      "confidence": 0.9,
      "reasoningHints": ""
    }
  ],
  "genreHypotheses": [],
  "contextHypotheses": [],
  "aestheticConcepts": [],
  "impressions": [],
  "uncertainties": []
}
[Music Flamingo] END PACKET

Inference complete in 11.3s. Packet parsed: ['audibleObservations', 'genreHypotheses', 'contextHypotheses', 'aestheticConcepts', 'impressions', 'uncertainties']
Running Flamingo structured deep-listening inference...
[Music Flamingo] input tokens=1685; generation budget=96

[Music Flamingo] RAW MODEL RESPONSE (max 6000 chars)
{"audibleObservations":[{"text":"A steady, danceable 4/4 groove with a prominent kick drum and crisp hi-hats that lock into a tight, syncopated rhythm","category":"rhythm","confidence":0.9,"reasoning":"The kick and hi-hat pattern is consistent and driving, typical of dance music."},{"text":"A deep, resonant synth bass that follows the kick, providing a solid low‑end foundation","category":"instrument
[Music Flamingo] SANITIZED PACKET SENT TO MUSIC SHOWER (max 6000 chars)
{
  "audibleObservations": [
    {
      "text": "A steady danceable 4/4 groove with a prominent kick drum and",
      "category": "rhythm",
      "confidence": 0.9,
      "reasoningHints": ""
    }
  ],
  "genreHypotheses": [],
  "contextHypotheses": [],
  "aestheticConcepts": [],
  "impressions": [],
  "uncertainties": []
}
[Music Flamingo] END PACKET

Inference complete in 12.1s. Packet parsed: ['audibleObservations', 'genreHypotheses', 'contextHypotheses', 'aestheticConcepts', 'impressions', 'uncertainties']
Running Flamingo structured deep-listening inference...
[Music Flamingo] input tokens=1685; generation budget=96

[Music Flamingo] RAW MODEL RESPONSE (max 6000 chars)
{"audibleObservations":[{"text":"A steady, driving electronic beat with a crisp, punchy kick and tight hi‑hat pattern that locks into a 4/4 groove at 120 BPM, creating a dance‑floor‑ready pulse","category":"rhythm","confidence":0.95,"reasoning":"The beat is clearly audible and consistent, with a strong emphasis on the downbeat and a regular subdivision that defines a classic 4
[Music Flamingo] SANITIZED PACKET SENT TO MUSIC SHOWER (max 6000 chars)
{
  "audibleObservations": [
    {
      "text": "text",
      "category": "production",
      "confidence": 0.65
    },
    {
      "text": "category",
      "category": "production",
      "confidence": 0.65
    },
    {
      "text": "rhythm",
      "category": "production",
      "confidence": 0.65
    }
  ],
  "genreHypotheses": [],
  "contextHypotheses": [],
  "aestheticConcepts": [],
  "impressions": [],
  "uncertainties": []
}
[Music Flamingo] END PACKET

Inference complete in 12.9s. Packet parsed: ['audibleObservations', 'genreHypotheses', 'contextHypotheses', 'aestheticConcepts', 'impressions', 'uncertainties']
Running Flamingo structured deep-listening inference...
[Music Flamingo] input tokens=1685; generation budget=96

[Music Flamingo] RAW MODEL RESPONSE (max 6000 chars)
{"audibleObservations":[{"text":"The track is built on a steady 4/4 electronic beat with a consistent kick drum and crisp hi‑hats, creating a dance‑floor‑ready groove.","category":"rhythm","confidence":0.9,"reasoning":"The beat is clearly audible and maintains a uniform pulse throughout the segment."},{"text":"A bright, high‑pitched synth melody carries the main hook, repeating a simple, catchy motif over the rhythm
[Music Flamingo] SANITIZED PACKET SENT TO MUSIC SHOWER (max 6000 chars)
{
  "audibleObservations": [
    {
      "text": "The track is built on a steady 4/4 electronic beat with a co",
      "category": "rhythm",
      "confidence": 0.9,
      "reasoningHints": ""
    }
  ],
  "genreHypotheses": [],
  "contextHypotheses": [],
  "aestheticConcepts": [],
  "impressions": [],
  "uncertainties": []
}
[Music Flamingo] END PACKET

Inference complete in 13.9s. Packet parsed: ['audibleObservations', 'genreHypotheses', 'contextHypotheses', 'aestheticConcepts', 'impressions', 'uncertainties']
Running Flamingo structured deep-listening inference...
[Music Flamingo] input tokens=1685; generation budget=96

[Music Flamingo] RAW MODEL RESPONSE (max 6000 chars)
{"audibleObservations":[{"text":"A steady, driving electronic beat with a prominent kick and crisp hi‑hats that lock into a 4/4 groove, creating a dance‑floor‑ready pulse","category":"rhythm","confidence":0.95,"reasoning":"The beat is clearly audible and consistent, with a strong kick on every downbeat and tight hi‑hat patterns that emphasize the backbeat."},{"text":"A bright, melodic synth line
[Music Flamingo] SANITIZED PACKET SENT TO MUSIC SHOWER (max 6000 chars)
{
  "audibleObservations": [
    {
      "text": "A steady driving electronic beat with a prominent kick and c",
      "category": "rhythm",
      "confidence": 0.95,
      "reasoningHints": ""
    }
  ],
  "genreHypotheses": [],
  "contextHypotheses": [],
  "aestheticConcepts": [],
  "impressions": [],
  "uncertainties": []
}
[Music Flamingo] END PACKET

Inference complete in 12.0s. Packet parsed: ['audibleObservations', 'genreHypotheses', 'contextHypotheses', 'aestheticConcepts', 'impressions', 'uncertainties']
Running Flamingo structured deep-listening inference...
[Music Flamingo] input tokens=1685; generation budget=96

[Music Flamingo] RAW MODEL RESPONSE (max 6000 chars)
{"audibleObservations":[{"text":"A steady, driving electronic beat with a prominent kick and crisp hi‑hats, layered with a deep, pulsating synth bass that locks into the rhythm, creating a hypnotic, dance‑floor‑ready groove","category":"rhythm","confidence":0.95,"reasoning":"The beat is consistent and propulsive, typical of electronic dance music, and the bass is low‑end and rhythmic, reinforcing the groove."
[Music Flamingo] SANITIZED PACKET SENT TO MUSIC SHOWER (max 6000 chars)
{
  "audibleObservations": [
    {
      "text": "text",
      "category": "production",
      "confidence": 0.65
    },
    {
      "text": "category",
      "category": "production",
      "confidence": 0.65
    },
    {
      "text": "rhythm",
      "category": "production",
      "confidence": 0.65
    }
  ],
  "genreHypotheses": [],
  "contextHypotheses": [],
  "aestheticConcepts": [],
  "impressions": [],
  "uncertainties": []
}
[Music Flamingo] END PACKET

Inference complete in 12.6s. Packet parsed: ['audibleObservations', 'genreHypotheses', 'contextHypotheses', 'aestheticConcepts', 'impressions', 'uncertainties']
Running Flamingo structured deep-listening inference...
[Music Flamingo] input tokens=1502; generation budget=96

[Music Flamingo] RAW MODEL RESPONSE (max 6000 chars)
{"audibleObservations": [{"text": "A steady, driving electronic beat with a consistent four-on-the-floor kick pattern.", "category": "rhythm", "confidence": 0.9, "reasoning": "The beat is the most prominent element, maintaining a constant pulse throughout the segment."}, {"text": "Synth pads and arpeggiated synth lines create a layered, atmospheric texture.", "category": "instrumentation", "confidence": 0
[Music Flamingo] SANITIZED PACKET SENT TO MUSIC SHOWER (max 6000 chars)
{
  "audibleObservations": [
    {
      "text": "A steady driving electronic beat with a consistent four-on-t",
      "category": "rhythm",
      "confidence": 0.9,
      "reasoningHints": ""
    }
  ],
  "genreHypotheses": [],
  "contextHypotheses": [],
  "aestheticConcepts": [],
  "impressions": [],
  "uncertainties": []
}
[Music Flamingo] END PACKET

Inference complete in 12.0s. Packet parsed: ['audibleObservations', 'genreHypotheses', 'contextHypotheses', 'aestheticConcepts', 'impressions', 'uncertainties']
Running Flamingo structured deep-listening inference...
[Music Flamingo] input tokens=1648; generation budget=96

[Music Flamingo] RAW MODEL RESPONSE (max 6000 chars)
{"audibleObservations":[{"text":"A steady, driving electronic beat with a crisp, punchy kick and tight hi‑hat pattern that locks into a 4/4 groove.","category":"rhythm","confidence":0.9,"reasoning":"The beat is the most prominent and consistent element, with a clear, steady pulse that defines the track’s forward momentum."}],"genreHypotheses":[{"label":"Electronic Dance Music (EDM) / Progressive House","confidence
[Music Flamingo] SANITIZED PACKET SENT TO MUSIC SHOWER (max 6000 chars)
{
  "audibleObservations": [
    {
      "text": "A steady driving electronic beat with a crisp punchy kick an",
      "category": "rhythm",
      "confidence": 0.9,
      "reasoningHints": ""
    }
  ],
  "genreHypotheses": [],
  "contextHypotheses": [],
  "aestheticConcepts": [],
  "impressions": [],
  "uncertainties": []
}
[Music Flamingo] END PACKET

Inference complete in 15.5s. Packet parsed: ['audibleObservations', 'genreHypotheses', 'contextHypotheses', 'aestheticConcepts', 'impressions', 'uncertainties']
Running Flamingo structured deep-listening inference...
[Music Flamingo] input tokens=1684; generation budget=96

[Music Flamingo] RAW MODEL RESPONSE (max 6000 chars)
{"audibleObservations":[{"text":"A steady, mid‑tempo electronic beat with a crisp, quantized kick and snappy hi‑hats drives the track in a 4/4 groove.","category":"rhythm","confidence":0.9,"reasoning":"The beat is clearly quantized and maintains a consistent pulse throughout the segment."},{"text":"A deep, resonant synth bass underpins the rhythm, providing a solid low‑end foundation.","category":"
[Music Flamingo] SANITIZED PACKET SENT TO MUSIC SHOWER (max 6000 chars)
{
  "audibleObservations": [
    {
      "text": "A steady mid‑tempo electronic beat with a crisp quantized ki",
      "category": "rhythm",
      "confidence": 0.9,
      "reasoningHints": ""
    }
  ],
  "genreHypotheses": [],
  "contextHypotheses": [],
  "aestheticConcepts": [],
  "impressions": [],
  "uncertainties": []
}
[Music Flamingo] END PACKET

Inference complete in 13.6s. Packet parsed: ['audibleObservations', 'genreHypotheses', 'contextHypotheses', 'aestheticConcepts', 'impressions', 'uncertainties']
Running Flamingo structured deep-listening inference...
[Music Flamingo] input tokens=1685; generation budget=96

[Music Flamingo] RAW MODEL RESPONSE (max 6000 chars)
{"audibleObservations":[{"text":"A steady, driving electronic beat with a crisp, punchy kick and tight hi‑hat pattern that locks into a 4/4 groove.","category":"rhythm","confidence":0.95,"reasoning":"The beat is the most prominent and consistent element, providing a solid rhythmic foundation that repeats throughout the segment."}],"genreHypotheses":[{"label":"Electronic Dance Music (EDM) / Progressive House","confidence":
[Music Flamingo] SANITIZED PACKET SENT TO MUSIC SHOWER (max 6000 chars)
{
  "audibleObservations": [
    {
      "text": "A steady driving electronic beat with a crisp punchy kick an",
      "category": "rhythm",
      "confidence": 0.95,
      "reasoningHints": ""
    }
  ],
  "genreHypotheses": [],
  "contextHypotheses": [],
  "aestheticConcepts": [],
  "impressions": [],
  "uncertainties": []
}
[Music Flamingo] END PACKET

Inference complete in 13.1s. Packet parsed: ['audibleObservations', 'genreHypotheses', 'contextHypotheses', 'aestheticConcepts', 'impressions', 'uncertainties']
Running Flamingo structured deep-listening inference...
[Music Flamingo] input tokens=1685; generation budget=96

[Music Flamingo] RAW MODEL RESPONSE (max 6000 chars)
{"audibleObservations":[{"text":"A steady, driving electronic beat with a crisp, punchy kick and tight hi‑hat pattern that locks into a 4/4 groove at 130.43 BPM, creating a dance‑floor‑ready pulse","category":"rhythm","confidence":0.95,"reasoning":"The beat is clearly audible and consistent, with a strong emphasis on the downbeat and a regular subdivision that defines a
[Music Flamingo] SANITIZED PACKET SENT TO MUSIC SHOWER (max 6000 chars)
{
  "audibleObservations": [
    {
      "text": "text",
      "category": "production",
      "confidence": 0.65
    },
    {
      "text": "category",
      "category": "production",
      "confidence": 0.65
    },
    {
      "text": "rhythm",
      "category": "production",
      "confidence": 0.65
    }
  ],
  "genreHypotheses": [],
  "contextHypotheses": [],
  "aestheticConcepts": [],
  "impressions": [],
  "uncertainties": []
}
[Music Flamingo] END PACKET

Inference complete in 12.9s. Packet parsed: ['audibleObservations', 'genreHypotheses', 'contextHypotheses', 'aestheticConcepts', 'impressions', 'uncertainties']
Running Flamingo structured deep-listening inference...
[Music Flamingo] input tokens=1685; generation budget=96

[Music Flamingo] RAW MODEL RESPONSE (max 6000 chars)
{"audibleObservations":[{"text":"A steady, driving electronic beat with a crisp, punchy kick and tight hi‑hat pattern that locks into a 4/4 groove at a moderate tempo.","category":"rhythm","confidence":0.9,"reasoning":"The beat is the most prominent rhythmic element, providing a consistent pulse that anchors the track."},{"text":"A deep, resonant synth bass that follows a simple, repetitive pattern, reinforcing the low‑
[Music Flamingo] SANITIZED PACKET SENT TO MUSIC SHOWER (max 6000 chars)
{
  "audibleObservations": [
    {
      "text": "A steady driving electronic beat with a crisp punchy kick an",
      "category": "rhythm",
      "confidence": 0.9,
      "reasoningHints": ""
    }
  ],
  "genreHypotheses": [],
  "contextHypotheses": [],
  "aestheticConcepts": [],
  "impressions": [],
  "uncertainties": []
}
[Music Flamingo] END PACKET

Inference complete in 16.8s. Packet parsed: ['audibleObservations', 'genreHypotheses', 'contextHypotheses', 'aestheticConcepts', 'impressions', 'uncertainties']
Running Flamingo structured deep-listening inference...
[Music Flamingo] input tokens=1685; generation budget=96

[Music Flamingo] RAW MODEL RESPONSE (max 6000 chars)
{"audibleObservations":[{"text":"A steady, driving electronic beat with a crisp, punchy kick and tight hi‑hat pattern that locks into a 4/4 groove at a moderate tempo.","category":"rhythm","confidence":0.9,"reasoning":"The beat is the most prominent rhythmic element, providing a consistent pulse that anchors the track."},{"text":"A deep, resonant synth bass that follows a simple, repetitive pattern, reinforcing the low‑
[Music Flamingo] SANITIZED PACKET SENT TO MUSIC SHOWER (max 6000 chars)
{
  "audibleObservations": [
    {
      "text": "A steady driving electronic beat with a crisp punchy kick an",
      "category": "rhythm",
      "confidence": 0.9,
      "reasoningHints": ""
    }
  ],
  "genreHypotheses": [],
  "contextHypotheses": [],
  "aestheticConcepts": [],
  "impressions": [],
  "uncertainties": []
}
[Music Flamingo] END PACKET

Inference complete in 13.8s. Packet parsed: ['audibleObservations', 'genreHypotheses', 'contextHypotheses', 'aestheticConcepts', 'impressions', 'uncertainties']
Running Flamingo structured deep-listening inference...
[Music Flamingo] input tokens=1507; generation budget=96

[Music Flamingo] RAW MODEL RESPONSE (max 6000 chars)
{"audibleObservations": [{"text": "A bright, high‑pitched synth melody with a bell‑like timbre plays a simple, repetitive motif.", "category": "instrumentation", "confidence": 0.9, "reasoning": "The synth sound is clean, digital, and has a clear attack and decay, typical of a lead synth patch designed for melodic hooks."}, {"text": "A steady electronic drum pattern with a four‑on
[Music Flamingo] SANITIZED PACKET SENT TO MUSIC SHOWER (max 6000 chars)
{
  "audibleObservations": [
    {
      "text": "A bright high‑pitched synth melody with a bell‑like timbre p",
      "category": "instrumentation",
      "confidence": 0.9,
      "reasoningHints": ""
    }
  ],
  "genreHypotheses": [],
  "contextHypotheses": [],
  "aestheticConcepts": [],
  "impressions": [],
  "uncertainties": []
}
[Music Flamingo] END PACKET

Inference complete in 12.1s. Packet parsed: ['audibleObservations', 'genreHypotheses', 'contextHypotheses', 'aestheticConcepts', 'impressions', 'uncertainties']
Running Flamingo structured deep-listening inference...
[Music Flamingo] input tokens=1648; generation budget=96

[Music Flamingo] RAW MODEL RESPONSE (max 6000 chars)
{"audibleObservations":[{"text":"A steady, driving electronic beat with a crisp, punchy kick and tight hi‑hat pattern that locks into a 4/4 groove at a moderate tempo.","category":"rhythm","confidence":0.9,"reasoning":"The beat is the most prominent and consistent element, providing a clear pulse that anchors the track."}],"genreHypotheses":[{"label":"Electronic Dance Music (EDM) / Progressive House","confidence":
[Music Flamingo] SANITIZED PACKET SENT TO MUSIC SHOWER (max 6000 chars)
{
  "audibleObservations": [
    {
      "text": "A steady driving electronic beat with a crisp punchy kick an",
      "category": "rhythm",
      "confidence": 0.9,
      "reasoningHints": ""
    }
  ],
  "genreHypotheses": [],
  "contextHypotheses": [],
  "aestheticConcepts": [],
  "impressions": [],
  "uncertainties": []
}
[Music Flamingo] END PACKET

Inference complete in 12.7s. Packet parsed: ['audibleObservations', 'genreHypotheses', 'contextHypotheses', 'aestheticConcepts', 'impressions', 'uncertainties']
Running Flamingo structured deep-listening inference...
[Music Flamingo] input tokens=1503; generation budget=96

[Music Flamingo] RAW MODEL RESPONSE (max 6000 chars)
{"audibleObservations": [{"text": "A steady, driving electronic beat with a crisp, punchy kick and tight hi‑hat pattern.", "category": "rhythm", "confidence": 0.9, "reasoning": "The beat is consistent and propulsive, typical of dance‑oriented electronic music."}, {"text": "A bright, melodic synth line that repeats a simple, catchy motif.", "category": "instrumentation", "confidence":
[Music Flamingo] SANITIZED PACKET SENT TO MUSIC SHOWER (max 6000 chars)
{
  "audibleObservations": [
    {
      "text": "A steady driving electronic beat with a crisp punchy kick an",
      "category": "rhythm",
      "confidence": 0.9,
      "reasoningHints": ""
    }
  ],
  "genreHypotheses": [],
  "contextHypotheses": [],
  "aestheticConcepts": [],
  "impressions": [],
  "uncertainties": []
}
[Music Flamingo] END PACKET

Inference complete in 13.3s. Packet parsed: ['audibleObservations', 'genreHypotheses', 'contextHypotheses', 'aestheticConcepts', 'impressions', 'uncertainties']
Running Flamingo structured deep-listening inference...
[Music Flamingo] input tokens=1648; generation budget=96

[Music Flamingo] RAW MODEL RESPONSE (max 6000 chars)
{"audibleObservations":[{"text":"A steady, driving electronic beat with a crisp, punchy kick and tight hi‑hat pattern that locks into a 4/4 groove at a moderate tempo.","category":"rhythm","confidence":0.9,"reasoning":"The beat is the most prominent rhythmic element, providing a consistent pulse that anchors the track."}],"genreHypotheses":[{"label":"Electronic Dance Music (EDM) / Progressive House","confidence":
[Music Flamingo] SANITIZED PACKET SENT TO MUSIC SHOWER (max 6000 chars)
{
  "audibleObservations": [
    {
      "text": "A steady driving electronic beat with a crisp punchy kick an",
      "category": "rhythm",
      "confidence": 0.9,
      "reasoningHints": ""
    }
  ],
  "genreHypotheses": [],
  "contextHypotheses": [],
  "aestheticConcepts": [],
  "impressions": [],
  "uncertainties": []
}
[Music Flamingo] END PACKET

Inference complete in 13.0s. Packet parsed: ['audibleObservations', 'genreHypotheses', 'contextHypotheses', 'aestheticConcepts', 'impressions', 'uncertainties']
Running Flamingo structured deep-listening inference...
[Music Flamingo] input tokens=1684; generation budget=96

[Music Flamingo] RAW MODEL RESPONSE (max 6000 chars)
{"audibleObservations":[{"text":"A steady, driving electronic beat with a crisp, punchy kick and tight hi‑hat pattern that locks into a 4/4 groove.","category":"rhythm","confidence":0.95,"reasoning":"The beat is the most prominent element, with a consistent tempo and a clear, dance‑floor‑ready pulse."}],"genreHypotheses":[{"label":"Electronic Dance Music (EDM) / Progressive House","confidence
[Music Flamingo] SANITIZED PACKET SENT TO MUSIC SHOWER (max 6000 chars)
{
  "audibleObservations": [
    {
      "text": "A steady driving electronic beat with a crisp punchy kick an",
      "category": "rhythm",
      "confidence": 0.95,
      "reasoningHints": ""
    }
  ],
  "genreHypotheses": [],
  "contextHypotheses": [],
  "aestheticConcepts": [],
  "impressions": [],
  "uncertainties": []
}
[Music Flamingo] END PACKET

Inference complete in 11.5s. Packet parsed: ['audibleObservations', 'genreHypotheses', 'contextHypotheses', 'aestheticConcepts', 'impressions', 'uncertainties']
Running Flamingo structured deep-listening inference...
[Music Flamingo] input tokens=1685; generation budget=96

[Music Flamingo] RAW MODEL RESPONSE (max 6000 chars)
{"audibleObservations":[{"text":"A steady, mid‑tempo electronic beat with a crisp, quantized kick and snappy hi‑hats drives the track in a 4/4 groove.","category":"rhythm","confidence":0.9,"reasoning":"The beat is clearly quantized and maintains a consistent pulse throughout the segment."},{"text":"Sparse, atmospheric synth pads provide a minimal harmonic backdrop, often sustaining a single chord or drone.","category":"instrument
[Music Flamingo] SANITIZED PACKET SENT TO MUSIC SHOWER (max 6000 chars)
{
  "audibleObservations": [
    {
      "text": "A steady mid‑tempo electronic beat with a crisp quantized ki",
      "category": "rhythm",
      "confidence": 0.9,
      "reasoningHints": ""
    }
  ],
  "genreHypotheses": [],
  "contextHypotheses": [],
  "aestheticConcepts": [],
  "impressions": [],
  "uncertainties": []
}
[Music Flamingo] END PACKET

Inference complete in 12.6s. Packet parsed: ['audibleObservations', 'genreHypotheses', 'contextHypotheses', 'aestheticConcepts', 'impressions', 'uncertainties']
Running Flamingo structured deep-listening inference...
[Music Flamingo] input tokens=1685; generation budget=96

[Music Flamingo] RAW MODEL RESPONSE (max 6000 chars)
{"audibleObservations":[{"text":"A steady, mid‑tempo electronic beat with a crisp, quantized kick and snappy hi‑hats drives the track in a 4/4 groove.","category":"rhythm","confidence":0.9,"reasoning":"The beat is clearly quantized and maintains a consistent pulse throughout the segment."}],"genreHypotheses":[{"label":"Ambient Electronic","confidence":0.7,"reasoning":"The track is
[Music Flamingo] SANITIZED PACKET SENT TO MUSIC SHOWER (max 6000 chars)
{
  "audibleObservations": [
    {
      "text": "A steady mid‑tempo electronic beat with a crisp quantized ki",
      "category": "rhythm",
      "confidence": 0.9,
      "reasoningHints": ""
    }
  ],
  "genreHypotheses": [],
  "contextHypotheses": [],
  "aestheticConcepts": [],
  "impressions": [],
  "uncertainties": []
}
[Music Flamingo] END PACKET

Inference complete in 12.9s. Packet parsed: ['audibleObservations', 'genreHypotheses', 'contextHypotheses', 'aestheticConcepts', 'impressions', 'uncertainties']
Running Flamingo structured deep-listening inference...
[Music Flamingo] input tokens=1685; generation budget=96

[Music Flamingo] RAW MODEL RESPONSE (max 6000 chars)
{"audibleObservations":[{"text":"A steady, mid‑tempo electronic beat with a crisp, quantized kick and snappy hi‑hats drives the track in a 4/4 groove.","category":"rhythm","confidence":0.9,"reasoning":"The beat is clearly quantized, with a consistent pulse that anchors the arrangement."}],"genreHypotheses":[{"label":"Ambient Electronic","confidence":0.7,"reasoning":"The track
[Music Flamingo] SANITIZED PACKET SENT TO MUSIC SHOWER (max 6000 chars)
{
  "audibleObservations": [
    {
      "text": "A steady mid‑tempo electronic beat with a crisp quantized ki",
      "category": "rhythm",
      "confidence": 0.9,
      "reasoningHints": ""
    }
  ],
  "genreHypotheses": [],
  "contextHypotheses": [],
  "aestheticConcepts": [],
  "impressions": [],
  "uncertainties": []
}
[Music Flamingo] END PACKET

Inference complete in 12.8s. Packet parsed: ['audibleObservations', 'genreHypotheses', 'contextHypotheses', 'aestheticConcepts', 'impressions', 'uncertainties']
Running Flamingo structured deep-listening inference...
[Music Flamingo] input tokens=1685; generation budget=96
Inference cancelled: superseded during generation
Running Flamingo structured deep-listening inference...
[Music Flamingo] input tokens=1503; generation budget=96

[Music Flamingo] RAW MODEL RESPONSE (max 6000 chars)
{"audibleObservations": [{"text": "A steady, driving electronic beat with a crisp, punchy kick and tight hi‑hat pattern.", "category": "rhythm", "confidence": 0.9, "reasoning": "The beat is consistent and propulsive, typical of dance‑oriented electronic music."}, {"text": "A deep, resonant synth bass that underpins the groove with a smooth, sub‑focused tone.", "category": "
[Music Flamingo] SANITIZED PACKET SENT TO MUSIC SHOWER (max 6000 chars)
{
  "audibleObservations": [
    {
      "text": "A steady driving electronic beat with a crisp punchy kick an",
      "category": "rhythm",
      "confidence": 0.9,
      "reasoningHints": ""
    }
  ],
  "genreHypotheses": [],
  "contextHypotheses": [],
  "aestheticConcepts": [],
  "impressions": [],
  "uncertainties": []
}
[Music Flamingo] END PACKET

Inference complete in 14.5s. Packet parsed: ['audibleObservations', 'genreHypotheses', 'contextHypotheses', 'aestheticConcepts', 'impressions', 'uncertainties']
Client disconnected before the Flamingo response was delivered.
Running Flamingo structured deep-listening inference...
[Music Flamingo] input tokens=1504; generation budget=96

[Music Flamingo] RAW MODEL RESPONSE (max 6000 chars)
{"audibleObservations": [{"text": "A steady, driving electronic beat with a crisp, punchy kick and tight hi‑hat pattern.", "category": "rhythm", "confidence": 0.9, "reasoning": "The beat is consistent and propulsive, typical of dance‑oriented electronic music."}, {"text": "Synth pads and arpeggiated synth lines create a bright, layered texture.", "category": "instrumentation", "
[Music Flamingo] SANITIZED PACKET SENT TO MUSIC SHOWER (max 6000 chars)
{
  "audibleObservations": [
    {
      "text": "A steady driving electronic beat with a crisp punchy kick an",
      "category": "rhythm",
      "confidence": 0.9,
      "reasoningHints": ""
    }
  ],
  "genreHypotheses": [],
  "contextHypotheses": [],
  "aestheticConcepts": [],
  "impressions": [],
  "uncertainties": []
}
[Music Flamingo] END PACKET

Inference complete in 11.8s. Packet parsed: ['audibleObservations', 'genreHypotheses', 'contextHypotheses', 'aestheticConcepts', 'impressions', 'uncertainties']
Running Flamingo structured deep-listening inference...
[Music Flamingo] input tokens=1648; generation budget=96

[Music Flamingo] RAW MODEL RESPONSE (max 6000 chars)
{"audibleObservations":[{"text":"A steady, danceable electronic beat with a crisp, punchy kick and tight hi‑hats drives the track in a 4/4 groove.","category":"rhythm","confidence":0.9,"reasoning":"The beat is consistent and propulsive, typical of club‑oriented electronic music."},{"text":"Synth pads and arpeggiated leads create a bright, melodic texture that sits above the rhythm section.","category
[Music Flamingo] SANITIZED PACKET SENT TO MUSIC SHOWER (max 6000 chars)
{
  "audibleObservations": [
    {
      "text": "A steady danceable electronic beat with a crisp punchy kick ",
      "category": "rhythm",
      "confidence": 0.9,
      "reasoningHints": ""
    }
  ],
  "genreHypotheses": [],
  "contextHypotheses": [],
  "aestheticConcepts": [],
  "impressions": [],
  "uncertainties": []
}
[Music Flamingo] END PACKET

Inference complete in 16.9s. Packet parsed: ['audibleObservations', 'genreHypotheses', 'contextHypotheses', 'aestheticConcepts', 'impressions', 'uncertainties']
Running Flamingo structured deep-listening inference...
[Music Flamingo] input tokens=1684; generation budget=96

[Music Flamingo] RAW MODEL RESPONSE (max 6000 chars)
{"audibleObservations":[{"text":"A steady, danceable electronic beat with a crisp, punchy kick and tight hi‑hat pattern that drives the track forward at a moderate tempo.","category":"rhythm","confidence":0.9,"reasoning":"The beat is consistent and clearly audible, with a clear 4/4 pulse and a strong emphasis on the downbeat, typical of dance‑oriented electronic music."},{"text":"Synth pads and arpeggiated
[Music Flamingo] SANITIZED PACKET SENT TO MUSIC SHOWER (max 6000 chars)
{
  "audibleObservations": [
    {
      "text": "A steady danceable electronic beat with a crisp punchy kick ",
      "category": "rhythm",
      "confidence": 0.9,
      "reasoningHints": ""
    }
  ],
  "genreHypotheses": [],
  "contextHypotheses": [],
  "aestheticConcepts": [],
  "impressions": [],
  "uncertainties": []
}
[Music Flamingo] END PACKET

Inference complete in 13.7s. Packet parsed: ['audibleObservations', 'genreHypotheses', 'contextHypotheses', 'aestheticConcepts', 'impressions', 'uncertainties']
Running Flamingo structured deep-listening inference...
[Music Flamingo] input tokens=1685; generation budget=96

[Music Flamingo] RAW MODEL RESPONSE (max 6000 chars)
{"audibleObservations":[{"text":"The track is built on a steady 4/4 electronic beat with a prominent, punchy kick drum and crisp hi‑hats that lock into a dance‑floor groove.","category":"rhythm","confidence":0.9,"reasoning":"The beat is clearly audible and consistent, with a strong emphasis on the downbeat and a regular subdivision of the measure."},{"text":"Synth pads and arpeggiated synth lines fill
[Music Flamingo] SANITIZED PACKET SENT TO MUSIC SHOWER (max 6000 chars)
{
  "audibleObservations": [
    {
      "text": "The track is built on a steady 4/4 electronic beat with a pr",
      "category": "rhythm",
      "confidence": 0.9,
      "reasoningHints": ""
    }
  ],
  "genreHypotheses": [],
  "contextHypotheses": [],
  "aestheticConcepts": [],
  "impressions": [],
  "uncertainties": []
}
[Music Flamingo] END PACKET

Inference complete in 14.4s. Packet parsed: ['audibleObservations', 'genreHypotheses', 'contextHypotheses', 'aestheticConcepts', 'impressions', 'uncertainties']
Running Flamingo structured deep-listening inference...
[Music Flamingo] input tokens=1685; generation budget=96

[Music Flamingo] RAW MODEL RESPONSE (max 6000 chars)
{"audibleObservations":[{"text":"A steady, danceable electronic beat with a crisp, punchy kick and tight hi‑hat pattern that drives the track forward at a moderate tempo.","category":"rhythm","confidence":0.9,"reasoning":"The beat is consistent and loop‑based, typical of electronic dance music, with a clear 4/4 pulse and a tempo around 120–125 BPM as described in the synopsis
[Music Flamingo] SANITIZED PACKET SENT TO MUSIC SHOWER (max 6000 chars)
{
  "audibleObservations": [
    {
      "text": "text",
      "category": "production",
      "confidence": 0.65
    },
    {
      "text": "category",
      "category": "production",
      "confidence": 0.65
    },
    {
      "text": "rhythm",
      "category": "production",
      "confidence": 0.65
    }
  ],
  "genreHypotheses": [],
  "contextHypotheses": [],
  "aestheticConcepts": [],
  "impressions": [],
  "uncertainties": []
}
[Music Flamingo] END PACKET

Inference complete in 14.0s. Packet parsed: ['audibleObservations', 'genreHypotheses', 'contextHypotheses', 'aestheticConcepts', 'impressions', 'uncertainties']
Running Flamingo structured deep-listening inference...
[Music Flamingo] input tokens=1685; generation budget=96

[Music Flamingo] RAW MODEL RESPONSE (max 6000 chars)
{"audibleObservations":[{"text":"A bright, high‑pitched synth melody with a bell‑like timbre plays a simple, repetitive motif over a steady electronic drum pattern and a deep, sustained synth bass. The rhythm is a clean four‑on‑the‑floor kick with crisp hi‑hats, giving a dance‑floor‑ready pulse. The mix is polished and high‑fidelity, with the synth lead centered and the bass and drums spread wide in
[Music Flamingo] SANITIZED PACKET SENT TO MUSIC SHOWER (max 6000 chars)
{
  "audibleObservations": [
    {
      "text": "text",
      "category": "production",
      "confidence": 0.65
    }
  ],
  "genreHypotheses": [],
  "contextHypotheses": [],
  "aestheticConcepts": [],
  "impressions": [],
  "uncertainties": []
}
[Music Flamingo] END PACKET

Inference complete in 13.5s. Packet parsed: ['audibleObservations', 'genreHypotheses', 'contextHypotheses', 'aestheticConcepts', 'impressions', 'uncertainties']
Running Flamingo structured deep-listening inference...
[Music Flamingo] input tokens=1685; generation budget=96

[Music Flamingo] RAW MODEL RESPONSE (max 6000 chars)
{"audibleObservations":[{"text":"A steady, driving electronic beat with a crisp, punchy kick and tight hi‑hat pattern that locks into a 4/4 groove at a moderate tempo.","category":"rhythm","confidence":0.9,"reasoning":"The beat is the most prominent rhythmic element, providing a consistent pulse that anchors the track."},{"text":"A deep, resonant synth bass that follows a simple, repetitive pattern, reinforcing the low‑
[Music Flamingo] SANITIZED PACKET SENT TO MUSIC SHOWER (max 6000 chars)
{
  "audibleObservations": [
    {
      "text": "A steady driving electronic beat with a crisp punchy kick an",
      "category": "rhythm",
      "confidence": 0.9,
      "reasoningHints": ""
    }
  ],
  "genreHypotheses": [],
  "contextHypotheses": [],
  "aestheticConcepts": [],
  "impressions": [],
  "uncertainties": []
}
[Music Flamingo] END PACKET

Inference complete in 13.5s. Packet parsed: ['audibleObservations', 'genreHypotheses', 'contextHypotheses', 'aestheticConcepts', 'impressions', 'uncertainties']
Running Flamingo structured deep-listening inference...
[Music Flamingo] input tokens=1685; generation budget=96

[Music Flamingo] RAW MODEL RESPONSE (max 6000 chars)
{"audibleObservations":[{"text":"A steady, driving electronic beat with a prominent kick and crisp hi‑hats establishes a dance‑floor groove.","category":"rhythm","confidence":0.9,"reasoning":"The beat is consistent and propulsive, typical of club‑oriented electronic music."},{"text":"A deep, resonant synth bass underpins the rhythm, providing a solid low‑end foundation.","category":"bass motion","confidence":0.8,"
[Music Flamingo] SANITIZED PACKET SENT TO MUSIC SHOWER (max 6000 chars)
{
  "audibleObservations": [
    {
      "text": "A steady driving electronic beat with a prominent kick and c",
      "category": "rhythm",
      "confidence": 0.9,
      "reasoningHints": ""
    }
  ],
  "genreHypotheses": [],
  "contextHypotheses": [],
  "aestheticConcepts": [],
  "impressions": [],
  "uncertainties": []
}
[Music Flamingo] END PACKET

Inference complete in 13.7s. Packet parsed: ['audibleObservations', 'genreHypotheses', 'contextHypotheses', 'aestheticConcepts', 'impressions', 'uncertainties']
Running Flamingo structured deep-listening inference...
[Music Flamingo] input tokens=1685; generation budget=96

[Music Flamingo] RAW MODEL RESPONSE (max 6000 chars)
{"audibleObservations":[{"text":"A steady, driving electronic beat with a prominent kick and crisp hi‑hats establishes a dance‑floor groove.","category":"rhythm","confidence":0.9,"reasoning":"The beat is consistent and propulsive, typical of club‑oriented electronic music."},{"text":"Synth pads and arpeggiated synth lines create a lush, atmospheric texture.","category":"instrumentation","confidence":0.8,"reasoning":"The
[Music Flamingo] SANITIZED PACKET SENT TO MUSIC SHOWER (max 6000 chars)
{
  "audibleObservations": [
    {
      "text": "A steady driving electronic beat with a prominent kick and c",
      "category": "rhythm",
      "confidence": 0.9,
      "reasoningHints": ""
    }
  ],
  "genreHypotheses": [],
  "contextHypotheses": [],
  "aestheticConcepts": [],
  "impressions": [],
  "uncertainties": []
}
[Music Flamingo] END PACKET

Inference complete in 12.9s. Packet parsed: ['audibleObservations', 'genreHypotheses', 'contextHypotheses', 'aestheticConcepts', 'impressions', 'uncertainties']
